// Jest Snapshot v1, https://goo.gl/fbAQLP

exports[`addCategoy component should show snapshot 1`] = `
<form
  onSubmit={[Function]}
>
  <p />
  <input
    onChange={[Function]}
    placeholder="Agrega un HÃ©roe"
    type="text"
    value=""
  />
</form>
`;
