// Jest Snapshot v1, https://goo.gl/fbAQLP

exports[`Test in <GifGridItem /> show GifGridItem component 1`] = `
<div
  className="card animate__animated animate__fadeIn"
>
  <img
    alt="Hola"
    src="www.google.com"
  />
  <p>
    Hola
  </p>
</div>
`;
